


ls /afs/cern.ch/user/j/jhossain/proxy/x509up.px
/afs/cern.ch/user/j/jhossain/proxy/x509up.px
Printing defaults
acceptance NONE
tthTagsOnly False
vbfTagsOnly False
Reading dataset (Era2017_legacy_v1_Summer20UL_v2) /GluGluHToGGPlusTwoJets_SM_M125_TuneCP5_13TeV-amcatnlopowheg-minlo-pythia8/mukherje-Era2017_legacy_v1_Summer20UL-v0-v0-RunIISummer20UL17MiniAODv2-106X_mc2017_realistic_v9-v2-dba47b1192ec1eec8f63d5c720fe8f2a/USER
Will use the following datasets catalog:
['/afs/cern.ch/user/j/jhossain/Hgg_AC_Analysis/Flashgg/Mela_Flashgg/CMSSW_10_6_29/src/flashgg/MetaData/data/Era2017_legacy_v1_Summer20UL_v2/datasets.json', '/afs/cern.ch/user/j/jhossain/Hgg_AC_Analysis/Flashgg/Mela_Flashgg/CMSSW_10_6_29/src/flashgg/MetaData/data/Era2017_legacy_v1_Summer20UL_v2/datasets_1.json', '/afs/cern.ch/user/j/jhossain/Hgg_AC_Analysis/Flashgg/Mela_Flashgg/CMSSW_10_6_29/src/flashgg/MetaData/data/Era2017_legacy_v1_Summer20UL_v2/datasets_2.json']
/GluGluHToGGPlusTwoJets_SM_M125_TuneCP5_13TeV-amcatnlopowheg-minlo-pythia8/mukherje-Era2017_legacy_v1_Summer20UL-v0-v0-RunIISummer20UL17MiniAODv2-106X_mc2017_realistic_v9-v2-dba47b1192ec1eec8f63d5c720fe8f2a/USER
Printing options
acceptance NONE
tthTagsOnly False
vbfTagsOnly True
here we print the tag sequence before
flashggPrefireDiPhotons+flashggPreselectedDiPhotons+flashggDiPhotonMVA+flashggVBFMVA+flashggVHhadMVA+flashggGluGluHMVA+flashggVBFDiPhoDiJetMVA+flashggUntagged+flashggVBFTag+flashggTTHDiLeptonTag+flashggTTHLeptonicTag+flashggTHQLeptonicTag+flashggTTHHadronicTag+flashggVHMetTag+flashggWHLeptonicTag+flashggZHLeptonicTag+flashggVHHadronicTag+flashggTagSorter
here we print the tag sequence after
flashggPrefireDiPhotons+flashggPreselectedDiPhotons+flashggDiPhotonMVA+flashggVBFMVA+flashggVHhadMVA+flashggGluGluHMVA+flashggVBFDiPhoDiJetMVA+flashggVBFTag+flashggTagSorter
customize.processId: ggfhgg_SM
Here we account for L1 pre-firing. We will only change the central diphoton weight if it is an appropriate sample (only MC, not data), and the applyToCentral flag is set to true
L1 pre-firing is relevant to ECAL (photons, jets)
Background MC, so store mgg and central only
--- Systematics  with independent collections ---
['']
-------------------------------------------------
--- Variables to be dumped, including systematic weights ---
['CMS_hgg_mass[160,100,180]:=diPhoton().mass', 'sigmaRV:=diPhotonMVA().sigmarv', 'sigmaMoM_decorr:=diPhotonMVA().decorrSigmarv', 'dipho_sumpt            := diPhoton.sumPt', 'dipho_cosphi           := abs(cos(diPhoton.leadingPhoton.phi - diPhoton.subLeadingPhoton.phi))', 'dipho_mass             := diPhoton.mass', 'dipho_leadPt           := diPhoton.leadingPhoton.pt', 'dipho_leadEt           := diPhoton.leadingPhoton.et', 'dipho_leadEta          := diPhoton.leadingPhoton.eta', 'dipho_leadPhi          := diPhoton.leadingPhoton.phi', 'dipho_lead_sieie       := diPhoton.leadingPhoton.sigmaIetaIeta', 'dipho_lead_hoe         := diPhoton.leadingPhoton.hadronicOverEm', 'dipho_lead_sigmaEoE    := diPhoton.leadingPhoton.sigEOverE', 'dipho_lead_ptoM        := diPhoton.leadingPhoton.pt/diPhoton.mass', 'dipho_leadR9           := diPhoton.leadingPhoton.full5x5_r9', 'dipho_subleadPt        := diPhoton.subLeadingPhoton.pt', 'dipho_subleadEt        := diPhoton.subLeadingPhoton.et', 'dipho_subleadEta       := diPhoton.subLeadingPhoton.eta', 'dipho_subleadPhi       := diPhoton.subLeadingPhoton.phi', 'dipho_sublead_sieie    := diPhoton.subLeadingPhoton.sigmaIetaIeta', 'dipho_sublead_hoe      := diPhoton.subLeadingPhoton.hadronicOverEm', 'dipho_sublead_sigmaEoE := diPhoton.subLeadingPhoton.sigEOverE', 'dipho_sublead_ptoM     := diPhoton.subLeadingPhoton.pt/diPhoton.mass', 'dipho_subleadR9        := diPhoton.subLeadingPhoton.full5x5_r9', 'dipho_leadIDMVA        := diPhoton.leadingView.phoIdMvaWrtChosenVtx', 'dipho_subleadIDMVA     := diPhoton.subLeadingView.phoIdMvaWrtChosenVtx', 'dipho_lead_elveto      := diPhoton.leadingPhoton.passElectronVeto', 'dipho_sublead_elveto   := diPhoton.subLeadingPhoton.passElectronVeto', 'result                 := diPhotonMVA.result', 'dipho_PToM             := diPhoton.pt/diPhoton.mass', 'sigmarv                := diPhotonMVA.sigmarv', 'sigmarvDecorr          := diPhotonMVA.decorrSigmarv', 'sigmawv                := diPhotonMVA.sigmawv', 'CosPhi                 := diPhotonMVA.CosPhi', 'vtxprob                := diPhotonMVA.vtxprob', 'pt                     := diPhoton.pt', 'leadSCeta              := diPhoton.leadingPhoton.superCluster.eta', 'subleadSCeta           := diPhoton.subLeadingPhoton.superCluster.eta', 'dipho_lead_genmatch    := ?(diPhoton().leadingPhoton.hasGenMatchType)? diPhoton().leadingPhoton.genMatchType : -999', 'dipho_sublead_genmatch := ?(diPhoton().subLeadingPhoton.hasGenMatchType)? diPhoton().subLeadingPhoton.genMatchType : -999', 'dijet_abs_dEta         :=  abs(VBFMVA.dijet_leadEta - VBFMVA.dijet_subleadEta)', 'dijet_prodEta          :=  VBFMVA.dijet_leadEta * VBFMVA.dijet_subleadEta', 'dijet_leadEta          :=  VBFMVA.dijet_leadEta    ', 'dijet_subleadEta       :=  VBFMVA.dijet_subleadEta ', 'dijet_leady            :=  VBFMVA.dijet_leady      ', 'dijet_subleady         :=  VBFMVA.dijet_subleady   ', 'dijet_leadPt           :=  VBFMVA.dijet_LeadJPt    ', 'dijet_subleadPt        :=  VBFMVA.dijet_SubJPt     ', 'dijet_Zep              :=  VBFMVA.dijet_Zep        ', 'dijet_Mjj              :=  VBFMVA.dijet_Mjj        ', 'dipho_PToM_vbfmva      :=  VBFMVA.dipho_PToM       ', 'leadPho_PToM           :=  VBFMVA.leadPho_PToM     ', 'sublPho_PToM           :=  VBFMVA.sublPho_PToM     ', 'dijet_dipho_dphi_trunc :=  VBFMVA.dijet_dphi_trunc ', 'dijet_dipho_pt         :=  VBFMVA.dijet_dipho_pt   ', 'dijet_dphi             :=  abs(deltaPhi(VBFMVA.leadJet.phi, VBFMVA.subleadJet.phi))', 'dijet_dipho_dphi       :=  VBFMVA.dijet_dipho_dphi ', 'dijet_dPhi_trunc       :=  VBFMVA.dijet_dphi_trunc ', 'cos_dijet_dipho_dphi   :=  cos(VBFMVA.dijet_dipho_dphi)', 'dijet_minDRJetPho      :=  VBFMVA.dijet_minDRJetPho', 'dijet_centrality       :=  VBFMVA.dijet_centrality_gg', 'dijet_zep              :=  VBFMVA.dijet_Zep', 'dijet_centrality_g     :=  VBFMVA.dijet_centrality_g', 'has3Jet                :=  hasValidVBFTriJet', 'dijet_mva              :=  VBFMVA.VBFMVAValue', 'dijet_mva_prob_VBF     :=  VBFMVA.vbfMvaResult_prob_VBF', 'dijet_mva_prob_ggH     :=  VBFMVA.vbfMvaResult_prob_ggH', 'dijet_mva_prob_bkg     :=  VBFMVA.vbfMvaResult_prob_bkg', 'dipho_dijet_MVA        :=  VBFDiPhoDiJetMVA.VBFDiPhoDiJetMVAValue()', 'dipho_mva              :=  diPhotonMVA.mvaValue()', 'vbf_dnnprob_bsm        :=  VBFMVA.dnnprob_bsm_value()', 'vbf_dnnprob_bkg        :=  VBFMVA.dnnprob_bkg_value()', 'vbf_mela_D0minus       :=  VBFMVA.mela_D0minus_value()', 'D_CP_ggH               :=  VBFMVA.mela_D_CP_ggH_value()', 'D0_minus_ggH           :=  VBFMVA.mela_D0_ggH_value()', 'jet1_pt             := leadingJet.pt', 'jet2_pt             := subLeadingJet.pt', 'jet3_pt             := subSubLeadingJet.pt', 'jet4_pt             := fourthJet.pt', 'jet1_eta            := leadingJet.eta', 'jet2_eta            := subLeadingJet.eta', 'jet3_eta            := subSubLeadingJet.eta', 'jet4_eta            := fourthJet.eta', 'jet1_phi            := leadingJet.phi', 'jet2_phi            := subLeadingJet.phi', 'jet3_phi            := subSubLeadingJet.phi', 'jet4_phi            := fourthJet.phi', 'jet1_mass             := leadingJet.mass', 'jet2_mass             := subLeadingJet.mass', 'jet3_mass             := subSubLeadingJet.mass', 'jet4_mass             := fourthJet.mass', 'Mjj := sqrt((leadingJet.energy+subLeadingJet.energy)^2-(leadingJet.px+subLeadingJet.px)^2-(leadingJet.py+subLeadingJet.py)^2-(leadingJet.pz+subLeadingJet.pz)^2)', 'jet1_rawPt          := leading_rawPt', 'jet2_rawPt          := subLeading_rawPt', 'jet1_HFHadronEnergyFraction := leading_HFHadronEnergyFraction', 'jet1_HFEMEnergyFraction := leading_HFEMEnergyFraction', 'jet1_HFHadronEnergy := leading_HFHadronEnergy', 'jet1_HFEMEnergy := leading_HFEMEnergy', 'jet1_HFHadronMultiplicity := leading_HFHadronMultiplicity', 'jet1_HFEMMultiplicity := leading_HFEMMultiplicity', 'jet2_HFHadronEnergyFraction := subleading_HFHadronEnergyFraction', 'jet2_HFEMEnergyFraction := subleading_HFEMEnergyFraction', 'jet2_HFHadronEnergy := subleading_HFHadronEnergy', 'jet2_HFEMEnergy := subleading_HFEMEnergy', 'jet2_HFHadronMultiplicity := subleading_HFHadronMultiplicity', 'jet2_HFEMMultiplicity := subleading_HFEMMultiplicity', 'dijet_nj := VBFMVA.n_rec_jets', 'dipho_dijet_ptHjj := ptHjj', 'jet1_qgtag := leading_QGL()', 'jet2_qgtag := subLeading_QGL()', 'jet3_qgtag := subSubLeading_QGL()', 'jet4_qgtag := fourth_QGL()', 'jet1_btag := leading_BTag()', 'jet2_btag := subLeading_BTag()', 'jet3_btag := subSubLeading_BTag()', 'jet4_btag := fourth_BTag()', 'n_rec_jets               := GluGluHMVA.n_rec_jets', 'dijet_leadPhi            := GluGluHMVA.dijet_leadPhi', 'dijet_subleadPhi         := GluGluHMVA.dijet_subleadPhi', 'dijet_leadPUMVA          := GluGluHMVA.dijet_leadPUMVA', 'dijet_subleadPUMVA       := GluGluHMVA.dijet_subleadPUMVA', 'vbfMvaResult_prob_bkg := VBFMVA.vbfMvaResult_prob_bkg()', 'vbfMvaResult_prob_ggH := VBFMVA.vbfMvaResult_prob_ggH()', 'vbfMvaResult_prob_VBF := VBFMVA.vbfMvaResult_prob_VBF()', 'vbfDNN_pbkg := VBFMVA.vbfDnnResult_prob_bkg()', 'vbfDNN_psm  := VBFMVA.vbfDnnResult_prob_sm()', 'vbfDNN_pbsm := VBFMVA.vbfDnnResult_prob_bsm()', 'D0minus     := VBFMVA.D0minus()']
------------------------------------------------------------
============================>>>>>>>>>>>> datasetname =>>>>>>>>>>>>>>>>>>>>>>>>  /GluGluHToGGPlusTwoJets_SM_M125_TuneCP5_13TeV-amcatnlopowheg-minlo-pythia8/mukherje-Era2017_legacy_v1_Summer20UL-v0-v0-RunIISummer20UL17MiniAODv2-106X_mc2017_realistic_v9-v2-dba47b1192ec1eec8f63d5c720fe8f2a/USER
SYSTLABEL =     ; variables to dump =  ['CMS_hgg_mass[160,100,180]:=diPhoton().mass', 'sigmaRV:=diPhotonMVA().sigmarv', 'sigmaMoM_decorr:=diPhotonMVA().decorrSigmarv', 'dipho_sumpt            := diPhoton.sumPt', 'dipho_cosphi           := abs(cos(diPhoton.leadingPhoton.phi - diPhoton.subLeadingPhoton.phi))', 'dipho_mass             := diPhoton.mass', 'dipho_leadPt           := diPhoton.leadingPhoton.pt', 'dipho_leadEt           := diPhoton.leadingPhoton.et', 'dipho_leadEta          := diPhoton.leadingPhoton.eta', 'dipho_leadPhi          := diPhoton.leadingPhoton.phi', 'dipho_lead_sieie       := diPhoton.leadingPhoton.sigmaIetaIeta', 'dipho_lead_hoe         := diPhoton.leadingPhoton.hadronicOverEm', 'dipho_lead_sigmaEoE    := diPhoton.leadingPhoton.sigEOverE', 'dipho_lead_ptoM        := diPhoton.leadingPhoton.pt/diPhoton.mass', 'dipho_leadR9           := diPhoton.leadingPhoton.full5x5_r9', 'dipho_subleadPt        := diPhoton.subLeadingPhoton.pt', 'dipho_subleadEt        := diPhoton.subLeadingPhoton.et', 'dipho_subleadEta       := diPhoton.subLeadingPhoton.eta', 'dipho_subleadPhi       := diPhoton.subLeadingPhoton.phi', 'dipho_sublead_sieie    := diPhoton.subLeadingPhoton.sigmaIetaIeta', 'dipho_sublead_hoe      := diPhoton.subLeadingPhoton.hadronicOverEm', 'dipho_sublead_sigmaEoE := diPhoton.subLeadingPhoton.sigEOverE', 'dipho_sublead_ptoM     := diPhoton.subLeadingPhoton.pt/diPhoton.mass', 'dipho_subleadR9        := diPhoton.subLeadingPhoton.full5x5_r9', 'dipho_leadIDMVA        := diPhoton.leadingView.phoIdMvaWrtChosenVtx', 'dipho_subleadIDMVA     := diPhoton.subLeadingView.phoIdMvaWrtChosenVtx', 'dipho_lead_elveto      := diPhoton.leadingPhoton.passElectronVeto', 'dipho_sublead_elveto   := diPhoton.subLeadingPhoton.passElectronVeto', 'result                 := diPhotonMVA.result', 'dipho_PToM             := diPhoton.pt/diPhoton.mass', 'sigmarv                := diPhotonMVA.sigmarv', 'sigmarvDecorr          := diPhotonMVA.decorrSigmarv', 'sigmawv                := diPhotonMVA.sigmawv', 'CosPhi                 := diPhotonMVA.CosPhi', 'vtxprob                := diPhotonMVA.vtxprob', 'pt                     := diPhoton.pt', 'leadSCeta              := diPhoton.leadingPhoton.superCluster.eta', 'subleadSCeta           := diPhoton.subLeadingPhoton.superCluster.eta', 'dipho_lead_genmatch    := ?(diPhoton().leadingPhoton.hasGenMatchType)? diPhoton().leadingPhoton.genMatchType : -999', 'dipho_sublead_genmatch := ?(diPhoton().subLeadingPhoton.hasGenMatchType)? diPhoton().subLeadingPhoton.genMatchType : -999', 'dijet_abs_dEta         :=  abs(VBFMVA.dijet_leadEta - VBFMVA.dijet_subleadEta)', 'dijet_prodEta          :=  VBFMVA.dijet_leadEta * VBFMVA.dijet_subleadEta', 'dijet_leadEta          :=  VBFMVA.dijet_leadEta    ', 'dijet_subleadEta       :=  VBFMVA.dijet_subleadEta ', 'dijet_leady            :=  VBFMVA.dijet_leady      ', 'dijet_subleady         :=  VBFMVA.dijet_subleady   ', 'dijet_leadPt           :=  VBFMVA.dijet_LeadJPt    ', 'dijet_subleadPt        :=  VBFMVA.dijet_SubJPt     ', 'dijet_Zep              :=  VBFMVA.dijet_Zep        ', 'dijet_Mjj              :=  VBFMVA.dijet_Mjj        ', 'dipho_PToM_vbfmva      :=  VBFMVA.dipho_PToM       ', 'leadPho_PToM           :=  VBFMVA.leadPho_PToM     ', 'sublPho_PToM           :=  VBFMVA.sublPho_PToM     ', 'dijet_dipho_dphi_trunc :=  VBFMVA.dijet_dphi_trunc ', 'dijet_dipho_pt         :=  VBFMVA.dijet_dipho_pt   ', 'dijet_dphi             :=  abs(deltaPhi(VBFMVA.leadJet.phi, VBFMVA.subleadJet.phi))', 'dijet_dipho_dphi       :=  VBFMVA.dijet_dipho_dphi ', 'dijet_dPhi_trunc       :=  VBFMVA.dijet_dphi_trunc ', 'cos_dijet_dipho_dphi   :=  cos(VBFMVA.dijet_dipho_dphi)', 'dijet_minDRJetPho      :=  VBFMVA.dijet_minDRJetPho', 'dijet_centrality       :=  VBFMVA.dijet_centrality_gg', 'dijet_zep              :=  VBFMVA.dijet_Zep', 'dijet_centrality_g     :=  VBFMVA.dijet_centrality_g', 'has3Jet                :=  hasValidVBFTriJet', 'dijet_mva              :=  VBFMVA.VBFMVAValue', 'dijet_mva_prob_VBF     :=  VBFMVA.vbfMvaResult_prob_VBF', 'dijet_mva_prob_ggH     :=  VBFMVA.vbfMvaResult_prob_ggH', 'dijet_mva_prob_bkg     :=  VBFMVA.vbfMvaResult_prob_bkg', 'dipho_dijet_MVA        :=  VBFDiPhoDiJetMVA.VBFDiPhoDiJetMVAValue()', 'dipho_mva              :=  diPhotonMVA.mvaValue()', 'vbf_dnnprob_bsm        :=  VBFMVA.dnnprob_bsm_value()', 'vbf_dnnprob_bkg        :=  VBFMVA.dnnprob_bkg_value()', 'vbf_mela_D0minus       :=  VBFMVA.mela_D0minus_value()', 'D_CP_ggH               :=  VBFMVA.mela_D_CP_ggH_value()', 'D0_minus_ggH           :=  VBFMVA.mela_D0_ggH_value()', 'jet1_pt             := leadingJet.pt', 'jet2_pt             := subLeadingJet.pt', 'jet3_pt             := subSubLeadingJet.pt', 'jet4_pt             := fourthJet.pt', 'jet1_eta            := leadingJet.eta', 'jet2_eta            := subLeadingJet.eta', 'jet3_eta            := subSubLeadingJet.eta', 'jet4_eta            := fourthJet.eta', 'jet1_phi            := leadingJet.phi', 'jet2_phi            := subLeadingJet.phi', 'jet3_phi            := subSubLeadingJet.phi', 'jet4_phi            := fourthJet.phi', 'jet1_mass             := leadingJet.mass', 'jet2_mass             := subLeadingJet.mass', 'jet3_mass             := subSubLeadingJet.mass', 'jet4_mass             := fourthJet.mass', 'Mjj := sqrt((leadingJet.energy+subLeadingJet.energy)^2-(leadingJet.px+subLeadingJet.px)^2-(leadingJet.py+subLeadingJet.py)^2-(leadingJet.pz+subLeadingJet.pz)^2)', 'jet1_rawPt          := leading_rawPt', 'jet2_rawPt          := subLeading_rawPt', 'jet1_HFHadronEnergyFraction := leading_HFHadronEnergyFraction', 'jet1_HFEMEnergyFraction := leading_HFEMEnergyFraction', 'jet1_HFHadronEnergy := leading_HFHadronEnergy', 'jet1_HFEMEnergy := leading_HFEMEnergy', 'jet1_HFHadronMultiplicity := leading_HFHadronMultiplicity', 'jet1_HFEMMultiplicity := leading_HFEMMultiplicity', 'jet2_HFHadronEnergyFraction := subleading_HFHadronEnergyFraction', 'jet2_HFEMEnergyFraction := subleading_HFEMEnergyFraction', 'jet2_HFHadronEnergy := subleading_HFHadronEnergy', 'jet2_HFEMEnergy := subleading_HFEMEnergy', 'jet2_HFHadronMultiplicity := subleading_HFHadronMultiplicity', 'jet2_HFEMMultiplicity := subleading_HFEMMultiplicity', 'dijet_nj := VBFMVA.n_rec_jets', 'dipho_dijet_ptHjj := ptHjj', 'jet1_qgtag := leading_QGL()', 'jet2_qgtag := subLeading_QGL()', 'jet3_qgtag := subSubLeading_QGL()', 'jet4_qgtag := fourth_QGL()', 'jet1_btag := leading_BTag()', 'jet2_btag := subLeading_BTag()', 'jet3_btag := subSubLeading_BTag()', 'jet4_btag := fourth_BTag()', 'n_rec_jets               := GluGluHMVA.n_rec_jets', 'dijet_leadPhi            := GluGluHMVA.dijet_leadPhi', 'dijet_subleadPhi         := GluGluHMVA.dijet_subleadPhi', 'dijet_leadPUMVA          := GluGluHMVA.dijet_leadPUMVA', 'dijet_subleadPUMVA       := GluGluHMVA.dijet_subleadPUMVA', 'vbfMvaResult_prob_bkg := VBFMVA.vbfMvaResult_prob_bkg()', 'vbfMvaResult_prob_ggH := VBFMVA.vbfMvaResult_prob_ggH()', 'vbfMvaResult_prob_VBF := VBFMVA.vbfMvaResult_prob_VBF()', 'vbfDNN_pbkg := VBFMVA.vbfDnnResult_prob_bkg()', 'vbfDNN_psm  := VBFMVA.vbfDnnResult_prob_sm()', 'vbfDNN_pbsm := VBFMVA.vbfDnnResult_prob_bsm()', 'D0minus     := VBFMVA.D0minus()']
DUMP PDFs =  False
Only events with [] paths will be processed.
--- Dumping modules that take diphotons as input: ---
flashggVBFMVA cms.InputTag("flashggPreselectedDiPhotons")
flashggGluGluHMVA cms.InputTag("flashggPreselectedDiPhotons")
flashggVBFTag cms.InputTag("flashggPreselectedDiPhotons")
flashggDiPhotonMVA cms.InputTag("flashggPreselectedDiPhotons")
flashggPreselectedDiPhotons cms.InputTag("flashggPrefireDiPhotons")
flashggVHhadMVA cms.InputTag("flashggPreselectedDiPhotons")
flashggPrefireDiPhotons cms.InputTag("flashggDiPhotonSystematics")
flashggVBFDiPhoDiJetMVA cms.InputTag("flashggPreselectedDiPhotons")
flashggTagSorter cms.InputTag("flashggPreselectedDiPhotons")

-------------- DUMPING SYSTEMATIC OVERVIEW --------------
          Systematic  Central value?   Systematic shifts?
---------------------------------------------------------
      MCScaleLowR9EE              NO                   NO
     MCScaleHighR9EE              NO                   NO
      MCScaleLowR9EB              NO                   NO
     MCScaleHighR9EB              NO                   NO
      MCScaleGain6EB              NO                   NO
      MCScaleGain1EB              NO                   NO
MaterialCentralBarrel              NO                   NO
 MaterialOuterBarrel              NO                   NO
     MaterialForward              NO                   NO
 ShowerShapeHighR9EB              NO                   NO
 ShowerShapeHighR9EE              NO                   NO
  ShowerShapeLowR9EB              NO                   NO
  ShowerShapeLowR9EE              NO                   NO
              FNUFEB              NO                   NO
              FNUFEE              NO                   NO
            MvaShift              NO                   NO
            PreselSF             YES                   NO
      electronVetoSF             YES                   NO
       TriggerWeight             YES                   NO
          LooseMvaSF             YES                   NO
 SigmaEOverESmearing             YES                   NO
    SigmaEOverEShift              NO                   NO
---------------------------------------------------------
  MuonMediumIDWeight             YES                   NO
MuonLooseRelISOWeight             YES                   NO
---------------------------------------------------------
    ElectronIDWeight             YES                   NO
  ElectronRecoWeight             YES                   NO
---------------------------------------------------------
                 JEC             YES                   NO
                 JER             YES                   NO
    JetBTagCutWeight             YES                   NO
JetBTagReshapeWeight             YES                   NO
          PUJIDShift              NO                   NO
   UnmatchedPUWeight              NO                   NO
---------------------------------------------------------
------------- DUMPING 2D SYSTEMATIC OVERVIEW ------------
          Systematic  Central value?   Systematic shifts?
---------------------------------------------------------
     MCSmearHighR9EE             YES                   NO
      MCSmearLowR9EE             YES                   NO
     MCSmearHighR9EB             YES                   NO
      MCSmearLowR9EB             YES                   NO
---------------------------------------------------------
