


ls /afs/cern.ch/user/j/jhossain/proxy/x509up.px
/afs/cern.ch/user/j/jhossain/proxy/x509up.px
Printing defaults
acceptance NONE
tthTagsOnly False
vbfTagsOnly False
Reading dataset (Era2017_legacy_v1_Summer19UL) /GJet_Pt-40toInf_DoubleEMEnriched_MGG-80toInf_TuneCP5_13TeV_Pythia8
Will use the following datasets catalog:
['/afs/cern.ch/user/j/jhossain/Hgg_AC_Analysis/Flashgg/Mela_Flashgg/CMSSW_10_6_29/src/flashgg/MetaData/data/Era2017_legacy_v1_Summer19UL/datasets.json', '/afs/cern.ch/user/j/jhossain/Hgg_AC_Analysis/Flashgg/Mela_Flashgg/CMSSW_10_6_29/src/flashgg/MetaData/data/Era2017_legacy_v1_Summer19UL/datasets_1.json', '/afs/cern.ch/user/j/jhossain/Hgg_AC_Analysis/Flashgg/Mela_Flashgg/CMSSW_10_6_29/src/flashgg/MetaData/data/Era2017_legacy_v1_Summer19UL/datasets_10.json', '/afs/cern.ch/user/j/jhossain/Hgg_AC_Analysis/Flashgg/Mela_Flashgg/CMSSW_10_6_29/src/flashgg/MetaData/data/Era2017_legacy_v1_Summer19UL/datasets_11.json', '/afs/cern.ch/user/j/jhossain/Hgg_AC_Analysis/Flashgg/Mela_Flashgg/CMSSW_10_6_29/src/flashgg/MetaData/data/Era2017_legacy_v1_Summer19UL/datasets_12.json', '/afs/cern.ch/user/j/jhossain/Hgg_AC_Analysis/Flashgg/Mela_Flashgg/CMSSW_10_6_29/src/flashgg/MetaData/data/Era2017_legacy_v1_Summer19UL/datasets_13.json', '/afs/cern.ch/user/j/jhossain/Hgg_AC_Analysis/Flashgg/Mela_Flashgg/CMSSW_10_6_29/src/flashgg/MetaData/data/Era2017_legacy_v1_Summer19UL/datasets_14.json', '/afs/cern.ch/user/j/jhossain/Hgg_AC_Analysis/Flashgg/Mela_Flashgg/CMSSW_10_6_29/src/flashgg/MetaData/data/Era2017_legacy_v1_Summer19UL/datasets_15.json', '/afs/cern.ch/user/j/jhossain/Hgg_AC_Analysis/Flashgg/Mela_Flashgg/CMSSW_10_6_29/src/flashgg/MetaData/data/Era2017_legacy_v1_Summer19UL/datasets_16.json', '/afs/cern.ch/user/j/jhossain/Hgg_AC_Analysis/Flashgg/Mela_Flashgg/CMSSW_10_6_29/src/flashgg/MetaData/data/Era2017_legacy_v1_Summer19UL/datasets_17.json', '/afs/cern.ch/user/j/jhossain/Hgg_AC_Analysis/Flashgg/Mela_Flashgg/CMSSW_10_6_29/src/flashgg/MetaData/data/Era2017_legacy_v1_Summer19UL/datasets_18.json', '/afs/cern.ch/user/j/jhossain/Hgg_AC_Analysis/Flashgg/Mela_Flashgg/CMSSW_10_6_29/src/flashgg/MetaData/data/Era2017_legacy_v1_Summer19UL/datasets_19.json', '/afs/cern.ch/user/j/jhossain/Hgg_AC_Analysis/Flashgg/Mela_Flashgg/CMSSW_10_6_29/src/flashgg/MetaData/data/Era2017_legacy_v1_Summer19UL/datasets_2.json', '/afs/cern.ch/user/j/jhossain/Hgg_AC_Analysis/Flashgg/Mela_Flashgg/CMSSW_10_6_29/src/flashgg/MetaData/data/Era2017_legacy_v1_Summer19UL/datasets_20.json', '/afs/cern.ch/user/j/jhossain/Hgg_AC_Analysis/Flashgg/Mela_Flashgg/CMSSW_10_6_29/src/flashgg/MetaData/data/Era2017_legacy_v1_Summer19UL/datasets_21.json', '/afs/cern.ch/user/j/jhossain/Hgg_AC_Analysis/Flashgg/Mela_Flashgg/CMSSW_10_6_29/src/flashgg/MetaData/data/Era2017_legacy_v1_Summer19UL/datasets_22.json', '/afs/cern.ch/user/j/jhossain/Hgg_AC_Analysis/Flashgg/Mela_Flashgg/CMSSW_10_6_29/src/flashgg/MetaData/data/Era2017_legacy_v1_Summer19UL/datasets_23.json', '/afs/cern.ch/user/j/jhossain/Hgg_AC_Analysis/Flashgg/Mela_Flashgg/CMSSW_10_6_29/src/flashgg/MetaData/data/Era2017_legacy_v1_Summer19UL/datasets_24.json', '/afs/cern.ch/user/j/jhossain/Hgg_AC_Analysis/Flashgg/Mela_Flashgg/CMSSW_10_6_29/src/flashgg/MetaData/data/Era2017_legacy_v1_Summer19UL/datasets_25.json', '/afs/cern.ch/user/j/jhossain/Hgg_AC_Analysis/Flashgg/Mela_Flashgg/CMSSW_10_6_29/src/flashgg/MetaData/data/Era2017_legacy_v1_Summer19UL/datasets_26.json', '/afs/cern.ch/user/j/jhossain/Hgg_AC_Analysis/Flashgg/Mela_Flashgg/CMSSW_10_6_29/src/flashgg/MetaData/data/Era2017_legacy_v1_Summer19UL/datasets_27.json', '/afs/cern.ch/user/j/jhossain/Hgg_AC_Analysis/Flashgg/Mela_Flashgg/CMSSW_10_6_29/src/flashgg/MetaData/data/Era2017_legacy_v1_Summer19UL/datasets_28.json', '/afs/cern.ch/user/j/jhossain/Hgg_AC_Analysis/Flashgg/Mela_Flashgg/CMSSW_10_6_29/src/flashgg/MetaData/data/Era2017_legacy_v1_Summer19UL/datasets_29.json', '/afs/cern.ch/user/j/jhossain/Hgg_AC_Analysis/Flashgg/Mela_Flashgg/CMSSW_10_6_29/src/flashgg/MetaData/data/Era2017_legacy_v1_Summer19UL/datasets_3.json', '/afs/cern.ch/user/j/jhossain/Hgg_AC_Analysis/Flashgg/Mela_Flashgg/CMSSW_10_6_29/src/flashgg/MetaData/data/Era2017_legacy_v1_Summer19UL/datasets_30.json', '/afs/cern.ch/user/j/jhossain/Hgg_AC_Analysis/Flashgg/Mela_Flashgg/CMSSW_10_6_29/src/flashgg/MetaData/data/Era2017_legacy_v1_Summer19UL/datasets_31.json', '/afs/cern.ch/user/j/jhossain/Hgg_AC_Analysis/Flashgg/Mela_Flashgg/CMSSW_10_6_29/src/flashgg/MetaData/data/Era2017_legacy_v1_Summer19UL/datasets_4.json', '/afs/cern.ch/user/j/jhossain/Hgg_AC_Analysis/Flashgg/Mela_Flashgg/CMSSW_10_6_29/src/flashgg/MetaData/data/Era2017_legacy_v1_Summer19UL/datasets_32.json', '/afs/cern.ch/user/j/jhossain/Hgg_AC_Analysis/Flashgg/Mela_Flashgg/CMSSW_10_6_29/src/flashgg/MetaData/data/Era2017_legacy_v1_Summer19UL/datasets_33.json', '/afs/cern.ch/user/j/jhossain/Hgg_AC_Analysis/Flashgg/Mela_Flashgg/CMSSW_10_6_29/src/flashgg/MetaData/data/Era2017_legacy_v1_Summer19UL/datasets_34.json', '/afs/cern.ch/user/j/jhossain/Hgg_AC_Analysis/Flashgg/Mela_Flashgg/CMSSW_10_6_29/src/flashgg/MetaData/data/Era2017_legacy_v1_Summer19UL/datasets_35.json', '/afs/cern.ch/user/j/jhossain/Hgg_AC_Analysis/Flashgg/Mela_Flashgg/CMSSW_10_6_29/src/flashgg/MetaData/data/Era2017_legacy_v1_Summer19UL/datasets_36.json', '/afs/cern.ch/user/j/jhossain/Hgg_AC_Analysis/Flashgg/Mela_Flashgg/CMSSW_10_6_29/src/flashgg/MetaData/data/Era2017_legacy_v1_Summer19UL/datasets_37.json', '/afs/cern.ch/user/j/jhossain/Hgg_AC_Analysis/Flashgg/Mela_Flashgg/CMSSW_10_6_29/src/flashgg/MetaData/data/Era2017_legacy_v1_Summer19UL/datasets_38.json', '/afs/cern.ch/user/j/jhossain/Hgg_AC_Analysis/Flashgg/Mela_Flashgg/CMSSW_10_6_29/src/flashgg/MetaData/data/Era2017_legacy_v1_Summer19UL/datasets_39.json', '/afs/cern.ch/user/j/jhossain/Hgg_AC_Analysis/Flashgg/Mela_Flashgg/CMSSW_10_6_29/src/flashgg/MetaData/data/Era2017_legacy_v1_Summer19UL/datasets_40.json', '/afs/cern.ch/user/j/jhossain/Hgg_AC_Analysis/Flashgg/Mela_Flashgg/CMSSW_10_6_29/src/flashgg/MetaData/data/Era2017_legacy_v1_Summer19UL/datasets_5.json', '/afs/cern.ch/user/j/jhossain/Hgg_AC_Analysis/Flashgg/Mela_Flashgg/CMSSW_10_6_29/src/flashgg/MetaData/data/Era2017_legacy_v1_Summer19UL/datasets_6.json', '/afs/cern.ch/user/j/jhossain/Hgg_AC_Analysis/Flashgg/Mela_Flashgg/CMSSW_10_6_29/src/flashgg/MetaData/data/Era2017_legacy_v1_Summer19UL/datasets_7.json', '/afs/cern.ch/user/j/jhossain/Hgg_AC_Analysis/Flashgg/Mela_Flashgg/CMSSW_10_6_29/src/flashgg/MetaData/data/Era2017_legacy_v1_Summer19UL/datasets_8.json', '/afs/cern.ch/user/j/jhossain/Hgg_AC_Analysis/Flashgg/Mela_Flashgg/CMSSW_10_6_29/src/flashgg/MetaData/data/Era2017_legacy_v1_Summer19UL/datasets_9.json']
/GJet_Pt-40toInf_DoubleEMEnriched_MGG-80toInf_TuneCP5_13TeV_Pythia8
Printing options
acceptance NONE
tthTagsOnly False
vbfTagsOnly True
here we print the tag sequence before
flashggPrefireDiPhotons+flashggPreselectedDiPhotons+flashggDiPhotonMVA+flashggVBFMVA+flashggVHhadMVA+flashggGluGluHMVA+flashggVBFDiPhoDiJetMVA+flashggUntagged+flashggVBFTag+flashggTTHDiLeptonTag+flashggTTHLeptonicTag+flashggTHQLeptonicTag+flashggTTHHadronicTag+flashggVHMetTag+flashggWHLeptonicTag+flashggZHLeptonicTag+flashggVHHadronicTag+flashggTagSorter
here we print the tag sequence after
flashggPrefireDiPhotons+flashggPreselectedDiPhotons+flashggDiPhotonMVA+flashggVBFMVA+flashggVHhadMVA+flashggGluGluHMVA+flashggVBFDiPhoDiJetMVA+flashggVBFTag+flashggTagSorter
customize.processId: bkg
Here we account for L1 pre-firing. We will only change the central diphoton weight if it is an appropriate sample (only MC, not data), and the applyToCentral flag is set to true
L1 pre-firing is relevant to ECAL (photons, jets)
Background MC, so store mgg and central only
--- Systematics  with independent collections ---
['']
-------------------------------------------------
--- Variables to be dumped, including systematic weights ---
['CMS_hgg_mass[160,100,180]:=diPhoton().mass', 'sigmaRV:=diPhotonMVA().sigmarv', 'sigmaMoM_decorr:=diPhotonMVA().decorrSigmarv', 'dipho_sumpt            := diPhoton.sumPt', 'dipho_cosphi           := abs(cos(diPhoton.leadingPhoton.phi - diPhoton.subLeadingPhoton.phi))', 'dipho_mass             := diPhoton.mass', 'dipho_leadPt           := diPhoton.leadingPhoton.pt', 'dipho_leadEt           := diPhoton.leadingPhoton.et', 'dipho_leadEta          := diPhoton.leadingPhoton.eta', 'dipho_leadPhi          := diPhoton.leadingPhoton.phi', 'dipho_lead_sieie       := diPhoton.leadingPhoton.sigmaIetaIeta', 'dipho_lead_hoe         := diPhoton.leadingPhoton.hadronicOverEm', 'dipho_lead_sigmaEoE    := diPhoton.leadingPhoton.sigEOverE', 'dipho_lead_ptoM        := diPhoton.leadingPhoton.pt/diPhoton.mass', 'dipho_leadR9           := diPhoton.leadingPhoton.full5x5_r9', 'dipho_subleadPt        := diPhoton.subLeadingPhoton.pt', 'dipho_subleadEt        := diPhoton.subLeadingPhoton.et', 'dipho_subleadEta       := diPhoton.subLeadingPhoton.eta', 'dipho_subleadPhi       := diPhoton.subLeadingPhoton.phi', 'dipho_sublead_sieie    := diPhoton.subLeadingPhoton.sigmaIetaIeta', 'dipho_sublead_hoe      := diPhoton.subLeadingPhoton.hadronicOverEm', 'dipho_sublead_sigmaEoE := diPhoton.subLeadingPhoton.sigEOverE', 'dipho_sublead_ptoM     := diPhoton.subLeadingPhoton.pt/diPhoton.mass', 'dipho_subleadR9        := diPhoton.subLeadingPhoton.full5x5_r9', 'dipho_leadIDMVA        := diPhoton.leadingView.phoIdMvaWrtChosenVtx', 'dipho_subleadIDMVA     := diPhoton.subLeadingView.phoIdMvaWrtChosenVtx', 'dipho_lead_elveto      := diPhoton.leadingPhoton.passElectronVeto', 'dipho_sublead_elveto   := diPhoton.subLeadingPhoton.passElectronVeto', 'result                 := diPhotonMVA.result', 'dipho_PToM             := diPhoton.pt/diPhoton.mass', 'sigmarv                := diPhotonMVA.sigmarv', 'sigmarvDecorr          := diPhotonMVA.decorrSigmarv', 'sigmawv                := diPhotonMVA.sigmawv', 'CosPhi                 := diPhotonMVA.CosPhi', 'vtxprob                := diPhotonMVA.vtxprob', 'pt                     := diPhoton.pt', 'leadSCeta              := diPhoton.leadingPhoton.superCluster.eta', 'subleadSCeta           := diPhoton.subLeadingPhoton.superCluster.eta', 'dipho_lead_genmatch    := ?(diPhoton().leadingPhoton.hasGenMatchType)? diPhoton().leadingPhoton.genMatchType : -999', 'dipho_sublead_genmatch := ?(diPhoton().subLeadingPhoton.hasGenMatchType)? diPhoton().subLeadingPhoton.genMatchType : -999', 'dijet_abs_dEta         :=  abs(VBFMVA.dijet_leadEta - VBFMVA.dijet_subleadEta)', 'dijet_prodEta          :=  VBFMVA.dijet_leadEta * VBFMVA.dijet_subleadEta', 'dijet_leadEta          :=  VBFMVA.dijet_leadEta    ', 'dijet_subleadEta       :=  VBFMVA.dijet_subleadEta ', 'dijet_leady            :=  VBFMVA.dijet_leady      ', 'dijet_subleady         :=  VBFMVA.dijet_subleady   ', 'dijet_leadPt           :=  VBFMVA.dijet_LeadJPt    ', 'dijet_subleadPt        :=  VBFMVA.dijet_SubJPt     ', 'dijet_Zep              :=  VBFMVA.dijet_Zep        ', 'dijet_Mjj              :=  VBFMVA.dijet_Mjj        ', 'dipho_PToM_vbfmva      :=  VBFMVA.dipho_PToM       ', 'leadPho_PToM           :=  VBFMVA.leadPho_PToM     ', 'sublPho_PToM           :=  VBFMVA.sublPho_PToM     ', 'dijet_dipho_dphi_trunc :=  VBFMVA.dijet_dphi_trunc ', 'dijet_dipho_pt         :=  VBFMVA.dijet_dipho_pt   ', 'dijet_dphi             :=  abs(deltaPhi(VBFMVA.leadJet.phi, VBFMVA.subleadJet.phi))', 'dijet_dipho_dphi       :=  VBFMVA.dijet_dipho_dphi ', 'dijet_dPhi_trunc       :=  VBFMVA.dijet_dphi_trunc ', 'cos_dijet_dipho_dphi   :=  cos(VBFMVA.dijet_dipho_dphi)', 'dijet_minDRJetPho      :=  VBFMVA.dijet_minDRJetPho', 'dijet_centrality       :=  VBFMVA.dijet_centrality_gg', 'dijet_zep              :=  VBFMVA.dijet_Zep', 'dijet_centrality_g     :=  VBFMVA.dijet_centrality_g', 'has3Jet                :=  hasValidVBFTriJet', 'dijet_mva              :=  VBFMVA.VBFMVAValue', 'dijet_mva_prob_VBF     :=  VBFMVA.vbfMvaResult_prob_VBF', 'dijet_mva_prob_ggH     :=  VBFMVA.vbfMvaResult_prob_ggH', 'dijet_mva_prob_bkg     :=  VBFMVA.vbfMvaResult_prob_bkg', 'dipho_dijet_MVA        :=  VBFDiPhoDiJetMVA.VBFDiPhoDiJetMVAValue()', 'dipho_mva              :=  diPhotonMVA.mvaValue()', 'vbf_dnnprob_bsm        :=  VBFMVA.dnnprob_bsm_value()', 'vbf_dnnprob_bkg        :=  VBFMVA.dnnprob_bkg_value()', 'vbf_mela_D0minus       :=  VBFMVA.mela_D0minus_value()', 'D_CP_ggH               :=  VBFMVA.mela_D_CP_ggH_value()', 'D0_minus_ggH           :=  VBFMVA.mela_D0_ggH_value()', 'jet1_pt             := leadingJet.pt', 'jet2_pt             := subLeadingJet.pt', 'jet3_pt             := subSubLeadingJet.pt', 'jet4_pt             := fourthJet.pt', 'jet1_eta            := leadingJet.eta', 'jet2_eta            := subLeadingJet.eta', 'jet3_eta            := subSubLeadingJet.eta', 'jet4_eta            := fourthJet.eta', 'jet1_phi            := leadingJet.phi', 'jet2_phi            := subLeadingJet.phi', 'jet3_phi            := subSubLeadingJet.phi', 'jet4_phi            := fourthJet.phi', 'jet1_mass             := leadingJet.mass', 'jet2_mass             := subLeadingJet.mass', 'jet3_mass             := subSubLeadingJet.mass', 'jet4_mass             := fourthJet.mass', 'Mjj := sqrt((leadingJet.energy+subLeadingJet.energy)^2-(leadingJet.px+subLeadingJet.px)^2-(leadingJet.py+subLeadingJet.py)^2-(leadingJet.pz+subLeadingJet.pz)^2)', 'jet1_rawPt          := leading_rawPt', 'jet2_rawPt          := subLeading_rawPt', 'jet1_HFHadronEnergyFraction := leading_HFHadronEnergyFraction', 'jet1_HFEMEnergyFraction := leading_HFEMEnergyFraction', 'jet1_HFHadronEnergy := leading_HFHadronEnergy', 'jet1_HFEMEnergy := leading_HFEMEnergy', 'jet1_HFHadronMultiplicity := leading_HFHadronMultiplicity', 'jet1_HFEMMultiplicity := leading_HFEMMultiplicity', 'jet2_HFHadronEnergyFraction := subleading_HFHadronEnergyFraction', 'jet2_HFEMEnergyFraction := subleading_HFEMEnergyFraction', 'jet2_HFHadronEnergy := subleading_HFHadronEnergy', 'jet2_HFEMEnergy := subleading_HFEMEnergy', 'jet2_HFHadronMultiplicity := subleading_HFHadronMultiplicity', 'jet2_HFEMMultiplicity := subleading_HFEMMultiplicity', 'dijet_nj := VBFMVA.n_rec_jets', 'dipho_dijet_ptHjj := ptHjj', 'jet1_qgtag := leading_QGL()', 'jet2_qgtag := subLeading_QGL()', 'jet3_qgtag := subSubLeading_QGL()', 'jet4_qgtag := fourth_QGL()', 'jet1_btag := leading_BTag()', 'jet2_btag := subLeading_BTag()', 'jet3_btag := subSubLeading_BTag()', 'jet4_btag := fourth_BTag()', 'n_rec_jets               := GluGluHMVA.n_rec_jets', 'dijet_leadPhi            := GluGluHMVA.dijet_leadPhi', 'dijet_subleadPhi         := GluGluHMVA.dijet_subleadPhi', 'dijet_leadPUMVA          := GluGluHMVA.dijet_leadPUMVA', 'dijet_subleadPUMVA       := GluGluHMVA.dijet_subleadPUMVA', 'vbfMvaResult_prob_bkg := VBFMVA.vbfMvaResult_prob_bkg()', 'vbfMvaResult_prob_ggH := VBFMVA.vbfMvaResult_prob_ggH()', 'vbfMvaResult_prob_VBF := VBFMVA.vbfMvaResult_prob_VBF()', 'vbfDNN_pbkg := VBFMVA.vbfDnnResult_prob_bkg()', 'vbfDNN_psm  := VBFMVA.vbfDnnResult_prob_sm()', 'vbfDNN_pbsm := VBFMVA.vbfDnnResult_prob_bsm()', 'D0minus     := VBFMVA.D0minus()']
------------------------------------------------------------
============================>>>>>>>>>>>> datasetname =>>>>>>>>>>>>>>>>>>>>>>>>  /GJet_Pt-40toInf_DoubleEMEnriched_MGG-80toInf_TuneCP5_13TeV_Pythia8/alesauva-UL2017-10_6_4-v0-RunIISummer19UL17MiniAOD-106X_mc2017_realistic_v6-v2-8980ba169e8b72d53459e52844728ed8/USER
SYSTLABEL =     ; variables to dump =  ['CMS_hgg_mass[160,100,180]:=diPhoton().mass', 'sigmaRV:=diPhotonMVA().sigmarv', 'sigmaMoM_decorr:=diPhotonMVA().decorrSigmarv', 'dipho_sumpt            := diPhoton.sumPt', 'dipho_cosphi           := abs(cos(diPhoton.leadingPhoton.phi - diPhoton.subLeadingPhoton.phi))', 'dipho_mass             := diPhoton.mass', 'dipho_leadPt           := diPhoton.leadingPhoton.pt', 'dipho_leadEt           := diPhoton.leadingPhoton.et', 'dipho_leadEta          := diPhoton.leadingPhoton.eta', 'dipho_leadPhi          := diPhoton.leadingPhoton.phi', 'dipho_lead_sieie       := diPhoton.leadingPhoton.sigmaIetaIeta', 'dipho_lead_hoe         := diPhoton.leadingPhoton.hadronicOverEm', 'dipho_lead_sigmaEoE    := diPhoton.leadingPhoton.sigEOverE', 'dipho_lead_ptoM        := diPhoton.leadingPhoton.pt/diPhoton.mass', 'dipho_leadR9           := diPhoton.leadingPhoton.full5x5_r9', 'dipho_subleadPt        := diPhoton.subLeadingPhoton.pt', 'dipho_subleadEt        := diPhoton.subLeadingPhoton.et', 'dipho_subleadEta       := diPhoton.subLeadingPhoton.eta', 'dipho_subleadPhi       := diPhoton.subLeadingPhoton.phi', 'dipho_sublead_sieie    := diPhoton.subLeadingPhoton.sigmaIetaIeta', 'dipho_sublead_hoe      := diPhoton.subLeadingPhoton.hadronicOverEm', 'dipho_sublead_sigmaEoE := diPhoton.subLeadingPhoton.sigEOverE', 'dipho_sublead_ptoM     := diPhoton.subLeadingPhoton.pt/diPhoton.mass', 'dipho_subleadR9        := diPhoton.subLeadingPhoton.full5x5_r9', 'dipho_leadIDMVA        := diPhoton.leadingView.phoIdMvaWrtChosenVtx', 'dipho_subleadIDMVA     := diPhoton.subLeadingView.phoIdMvaWrtChosenVtx', 'dipho_lead_elveto      := diPhoton.leadingPhoton.passElectronVeto', 'dipho_sublead_elveto   := diPhoton.subLeadingPhoton.passElectronVeto', 'result                 := diPhotonMVA.result', 'dipho_PToM             := diPhoton.pt/diPhoton.mass', 'sigmarv                := diPhotonMVA.sigmarv', 'sigmarvDecorr          := diPhotonMVA.decorrSigmarv', 'sigmawv                := diPhotonMVA.sigmawv', 'CosPhi                 := diPhotonMVA.CosPhi', 'vtxprob                := diPhotonMVA.vtxprob', 'pt                     := diPhoton.pt', 'leadSCeta              := diPhoton.leadingPhoton.superCluster.eta', 'subleadSCeta           := diPhoton.subLeadingPhoton.superCluster.eta', 'dipho_lead_genmatch    := ?(diPhoton().leadingPhoton.hasGenMatchType)? diPhoton().leadingPhoton.genMatchType : -999', 'dipho_sublead_genmatch := ?(diPhoton().subLeadingPhoton.hasGenMatchType)? diPhoton().subLeadingPhoton.genMatchType : -999', 'dijet_abs_dEta         :=  abs(VBFMVA.dijet_leadEta - VBFMVA.dijet_subleadEta)', 'dijet_prodEta          :=  VBFMVA.dijet_leadEta * VBFMVA.dijet_subleadEta', 'dijet_leadEta          :=  VBFMVA.dijet_leadEta    ', 'dijet_subleadEta       :=  VBFMVA.dijet_subleadEta ', 'dijet_leady            :=  VBFMVA.dijet_leady      ', 'dijet_subleady         :=  VBFMVA.dijet_subleady   ', 'dijet_leadPt           :=  VBFMVA.dijet_LeadJPt    ', 'dijet_subleadPt        :=  VBFMVA.dijet_SubJPt     ', 'dijet_Zep              :=  VBFMVA.dijet_Zep        ', 'dijet_Mjj              :=  VBFMVA.dijet_Mjj        ', 'dipho_PToM_vbfmva      :=  VBFMVA.dipho_PToM       ', 'leadPho_PToM           :=  VBFMVA.leadPho_PToM     ', 'sublPho_PToM           :=  VBFMVA.sublPho_PToM     ', 'dijet_dipho_dphi_trunc :=  VBFMVA.dijet_dphi_trunc ', 'dijet_dipho_pt         :=  VBFMVA.dijet_dipho_pt   ', 'dijet_dphi             :=  abs(deltaPhi(VBFMVA.leadJet.phi, VBFMVA.subleadJet.phi))', 'dijet_dipho_dphi       :=  VBFMVA.dijet_dipho_dphi ', 'dijet_dPhi_trunc       :=  VBFMVA.dijet_dphi_trunc ', 'cos_dijet_dipho_dphi   :=  cos(VBFMVA.dijet_dipho_dphi)', 'dijet_minDRJetPho      :=  VBFMVA.dijet_minDRJetPho', 'dijet_centrality       :=  VBFMVA.dijet_centrality_gg', 'dijet_zep              :=  VBFMVA.dijet_Zep', 'dijet_centrality_g     :=  VBFMVA.dijet_centrality_g', 'has3Jet                :=  hasValidVBFTriJet', 'dijet_mva              :=  VBFMVA.VBFMVAValue', 'dijet_mva_prob_VBF     :=  VBFMVA.vbfMvaResult_prob_VBF', 'dijet_mva_prob_ggH     :=  VBFMVA.vbfMvaResult_prob_ggH', 'dijet_mva_prob_bkg     :=  VBFMVA.vbfMvaResult_prob_bkg', 'dipho_dijet_MVA        :=  VBFDiPhoDiJetMVA.VBFDiPhoDiJetMVAValue()', 'dipho_mva              :=  diPhotonMVA.mvaValue()', 'vbf_dnnprob_bsm        :=  VBFMVA.dnnprob_bsm_value()', 'vbf_dnnprob_bkg        :=  VBFMVA.dnnprob_bkg_value()', 'vbf_mela_D0minus       :=  VBFMVA.mela_D0minus_value()', 'D_CP_ggH               :=  VBFMVA.mela_D_CP_ggH_value()', 'D0_minus_ggH           :=  VBFMVA.mela_D0_ggH_value()', 'jet1_pt             := leadingJet.pt', 'jet2_pt             := subLeadingJet.pt', 'jet3_pt             := subSubLeadingJet.pt', 'jet4_pt             := fourthJet.pt', 'jet1_eta            := leadingJet.eta', 'jet2_eta            := subLeadingJet.eta', 'jet3_eta            := subSubLeadingJet.eta', 'jet4_eta            := fourthJet.eta', 'jet1_phi            := leadingJet.phi', 'jet2_phi            := subLeadingJet.phi', 'jet3_phi            := subSubLeadingJet.phi', 'jet4_phi            := fourthJet.phi', 'jet1_mass             := leadingJet.mass', 'jet2_mass             := subLeadingJet.mass', 'jet3_mass             := subSubLeadingJet.mass', 'jet4_mass             := fourthJet.mass', 'Mjj := sqrt((leadingJet.energy+subLeadingJet.energy)^2-(leadingJet.px+subLeadingJet.px)^2-(leadingJet.py+subLeadingJet.py)^2-(leadingJet.pz+subLeadingJet.pz)^2)', 'jet1_rawPt          := leading_rawPt', 'jet2_rawPt          := subLeading_rawPt', 'jet1_HFHadronEnergyFraction := leading_HFHadronEnergyFraction', 'jet1_HFEMEnergyFraction := leading_HFEMEnergyFraction', 'jet1_HFHadronEnergy := leading_HFHadronEnergy', 'jet1_HFEMEnergy := leading_HFEMEnergy', 'jet1_HFHadronMultiplicity := leading_HFHadronMultiplicity', 'jet1_HFEMMultiplicity := leading_HFEMMultiplicity', 'jet2_HFHadronEnergyFraction := subleading_HFHadronEnergyFraction', 'jet2_HFEMEnergyFraction := subleading_HFEMEnergyFraction', 'jet2_HFHadronEnergy := subleading_HFHadronEnergy', 'jet2_HFEMEnergy := subleading_HFEMEnergy', 'jet2_HFHadronMultiplicity := subleading_HFHadronMultiplicity', 'jet2_HFEMMultiplicity := subleading_HFEMMultiplicity', 'dijet_nj := VBFMVA.n_rec_jets', 'dipho_dijet_ptHjj := ptHjj', 'jet1_qgtag := leading_QGL()', 'jet2_qgtag := subLeading_QGL()', 'jet3_qgtag := subSubLeading_QGL()', 'jet4_qgtag := fourth_QGL()', 'jet1_btag := leading_BTag()', 'jet2_btag := subLeading_BTag()', 'jet3_btag := subSubLeading_BTag()', 'jet4_btag := fourth_BTag()', 'n_rec_jets               := GluGluHMVA.n_rec_jets', 'dijet_leadPhi            := GluGluHMVA.dijet_leadPhi', 'dijet_subleadPhi         := GluGluHMVA.dijet_subleadPhi', 'dijet_leadPUMVA          := GluGluHMVA.dijet_leadPUMVA', 'dijet_subleadPUMVA       := GluGluHMVA.dijet_subleadPUMVA', 'vbfMvaResult_prob_bkg := VBFMVA.vbfMvaResult_prob_bkg()', 'vbfMvaResult_prob_ggH := VBFMVA.vbfMvaResult_prob_ggH()', 'vbfMvaResult_prob_VBF := VBFMVA.vbfMvaResult_prob_VBF()', 'vbfDNN_pbkg := VBFMVA.vbfDnnResult_prob_bkg()', 'vbfDNN_psm  := VBFMVA.vbfDnnResult_prob_sm()', 'vbfDNN_pbsm := VBFMVA.vbfDnnResult_prob_bsm()', 'D0minus     := VBFMVA.D0minus()']
DUMP PDFs =  False
Only events with [] paths will be processed.
--- Dumping modules that take diphotons as input: ---
flashggVBFMVA cms.InputTag("flashggPreselectedDiPhotons")
flashggGluGluHMVA cms.InputTag("flashggPreselectedDiPhotons")
flashggVBFTag cms.InputTag("flashggPreselectedDiPhotons")
flashggDiPhotonMVA cms.InputTag("flashggPreselectedDiPhotons")
flashggPreselectedDiPhotons cms.InputTag("flashggPrefireDiPhotons")
flashggVHhadMVA cms.InputTag("flashggPreselectedDiPhotons")
flashggPrefireDiPhotons cms.InputTag("flashggDiPhotonSystematics")
flashggVBFDiPhoDiJetMVA cms.InputTag("flashggPreselectedDiPhotons")
flashggTagSorter cms.InputTag("flashggPreselectedDiPhotons")

-------------- DUMPING SYSTEMATIC OVERVIEW --------------
          Systematic  Central value?   Systematic shifts?
---------------------------------------------------------
      MCScaleLowR9EE              NO                   NO
     MCScaleHighR9EE              NO                   NO
      MCScaleLowR9EB              NO                   NO
     MCScaleHighR9EB              NO                   NO
      MCScaleGain6EB              NO                   NO
      MCScaleGain1EB              NO                   NO
MaterialCentralBarrel              NO                   NO
 MaterialOuterBarrel              NO                   NO
     MaterialForward              NO                   NO
 ShowerShapeHighR9EB              NO                   NO
 ShowerShapeHighR9EE              NO                   NO
  ShowerShapeLowR9EB              NO                   NO
  ShowerShapeLowR9EE              NO                   NO
              FNUFEB              NO                   NO
              FNUFEE              NO                   NO
            MvaShift              NO                   NO
            PreselSF             YES                   NO
      electronVetoSF             YES                   NO
       TriggerWeight             YES                   NO
          LooseMvaSF             YES                   NO
 SigmaEOverESmearing             YES                   NO
    SigmaEOverEShift              NO                   NO
---------------------------------------------------------
  MuonMediumIDWeight             YES                   NO
MuonLooseRelISOWeight             YES                   NO
---------------------------------------------------------
    ElectronIDWeight             YES                   NO
  ElectronRecoWeight             YES                   NO
---------------------------------------------------------
                 JEC             YES                   NO
                 JER             YES                   NO
    JetBTagCutWeight             YES                   NO
JetBTagReshapeWeight             YES                   NO
          PUJIDShift              NO                   NO
   UnmatchedPUWeight              NO                   NO
---------------------------------------------------------
------------- DUMPING 2D SYSTEMATIC OVERVIEW ------------
          Systematic  Central value?   Systematic shifts?
---------------------------------------------------------
     MCSmearHighR9EE             YES                   NO
      MCSmearLowR9EE             YES                   NO
     MCSmearHighR9EB             YES                   NO
      MCSmearLowR9EB             YES                   NO
---------------------------------------------------------
/afs/cern.ch/user/j/jhossain/Hgg_AC_Analysis/Flashgg/Mela_Flashgg/CMSSW_10_6_29/src/flashgg/Systematics/data/SystematicsIDMVA_LegRunII_v1_UL2017.root
/afs/cern.ch/user/j/jhossain/Hgg_AC_Analysis/Flashgg/Mela_Flashgg/CMSSW_10_6_29/src/flashgg/Systematics/data/SystematicsIDMVA_LegRunII_v1_UL2017.root
*****************************************************************************************************
*                             MELA (Matrix Element Likelihood Approach)                             *
*****************************************************************************************************
*                                                                                                   *
*                           Data analysis and Monte Carlo weights package                           *
*         for analyses of resonances produced at pp, ppbar, and e+e- colliders, featuring:          *
*                                                                                                   *
*                                          * JHUGenMELA *                                           *
*     Signal calculations based on analytical pdf.s, and JHU Generator (JHUGen) matrix elements     *
*                                    (See JHUGen credits below)                                     *
*                                                                                                   *
*                                             * MCFM *                                              *
*    Signal, background, and interference calculations, modified based on JHUGen matrix elements    *
*                                     (See MCFM credits below)                                      *
*                                                                                                   *
*                             For more details: http://spin.pha.jhu.edu                             *
*                                                                                                   *
*****************************************************************************************************
 ************** MCFM - version 7.0 ****************
 *                                                *
 * MCFM, v7.0                   March 20th, 2015  *
 *                                                *
 * Authors: John Campbell, Keith Ellis,           *
 *          Walter Giele, Ciaran Williams         *
 *         (johnmc@fnal.gov, ellis@fnal.gov,      *
 *          giele@fnal.gov,ciaran@fnal.gov)       *
 *                                                *
 * For details see:                               *
 *                                                *
 *  arXiv:1502.02990 (VBF and VBS Higgs)          *
 *  arXiv:1403.2641  (Triphoton production)       *
 *  arXiv:1312.1628  (gg->WW, Higgs interference) *
 *  arXiv:1311.3589  (gg->ZZ, Higgs interference) *
 *  Phys.Rev.D87:114006, arXiv:1302.3856          *
 *  (tZ, tH -- with R. Rontsch)                   *
 *  arXiv:1211.6390 (DM, P. Fox and C. Williams)  *
 *  JHEP 1211:162 (2012), arXiv:1208.0566         *
 *  (Z+gam+jet,Z+gam+gam -- with H. Hartanto)     *
 *  arXiv:1204.1513 (top production+decay)        *
 *  JHEP 1207:052 (2012), arXiv:1204.5678 (ttW)   *
 *  JHEP 1110:005 (2011), arXiv:1107.5569         *
 *         (gg->WW,Higgs intference)              *
 *  JHEP 1107:018 (2011), arXiv:1105.0020         *
 *         (diboson update)                       *
 *  JHEP 1103:027 (2011), arXiv:1011.6647         *
 *         (Wbb for mb>0, with S. Badger)         *
 *  Phys.Rev.D81:074023, arXiv:1001.4495 (H+2jet) *
 *                                                *
 *  P.R.L. 102:142001, arXiv:0903.0005 [hep-ph]   *
 *    (t-channel single top + explicit b,         *
 *      JC, R.Frederix, F.Maltoni, F.Tramontano)  *
 *  N.P.B 726:109(2005), hep-ph/0506289 (W+t)     *
 *  Phys.Rev.D70:094012, hep-ph/0408158 (Sngl Top)*
 *       (with Francesco Tramontano)              *
 *                                                *
 *  Phys.Rev.D65:113007, hep-ph/0202176 (W,Z+2j)  *
 *  Phys.Rev.D62:114012, hep-ph/0006304 (W,Z+bb)  *
 *  Phys.Rev.D60:113006, hep-ph/9905386 (diboson) *
 *                                                *
 * On the web:  http://mcfm.fnal.gov/             *
 **************************************************

 * Using input file named input.DAT data/process.DAT data/Pdfdata/cteq6l1.tbl 	- MCFM symlinks are
