


ls /afs/cern.ch/user/j/jhossain/proxy/x509up.px
/afs/cern.ch/user/j/jhossain/proxy/x509up.px
Printing defaults
acceptance NONE
tthTagsOnly False
vbfTagsOnly False
Reading dataset (Era2017_legacy_v1_Summer19UL) /GluGluHToGG_M125_TuneCP5_13TeV-amcatnloFXFX-pythia8
Will use the following datasets catalog:
['/afs/cern.ch/user/j/jhossain/Hgg_AC_Analysis/Flashgg/Emanuele_Flashgg/CMSSW_10_6_29/src/flashgg/MetaData/data/Era2017_legacy_v1_Summer19UL/datasets.json', '/afs/cern.ch/user/j/jhossain/Hgg_AC_Analysis/Flashgg/Emanuele_Flashgg/CMSSW_10_6_29/src/flashgg/MetaData/data/Era2017_legacy_v1_Summer19UL/datasets_1.json', '/afs/cern.ch/user/j/jhossain/Hgg_AC_Analysis/Flashgg/Emanuele_Flashgg/CMSSW_10_6_29/src/flashgg/MetaData/data/Era2017_legacy_v1_Summer19UL/datasets_10.json', '/afs/cern.ch/user/j/jhossain/Hgg_AC_Analysis/Flashgg/Emanuele_Flashgg/CMSSW_10_6_29/src/flashgg/MetaData/data/Era2017_legacy_v1_Summer19UL/datasets_11.json', '/afs/cern.ch/user/j/jhossain/Hgg_AC_Analysis/Flashgg/Emanuele_Flashgg/CMSSW_10_6_29/src/flashgg/MetaData/data/Era2017_legacy_v1_Summer19UL/datasets_12.json', '/afs/cern.ch/user/j/jhossain/Hgg_AC_Analysis/Flashgg/Emanuele_Flashgg/CMSSW_10_6_29/src/flashgg/MetaData/data/Era2017_legacy_v1_Summer19UL/datasets_13.json', '/afs/cern.ch/user/j/jhossain/Hgg_AC_Analysis/Flashgg/Emanuele_Flashgg/CMSSW_10_6_29/src/flashgg/MetaData/data/Era2017_legacy_v1_Summer19UL/datasets_14.json', '/afs/cern.ch/user/j/jhossain/Hgg_AC_Analysis/Flashgg/Emanuele_Flashgg/CMSSW_10_6_29/src/flashgg/MetaData/data/Era2017_legacy_v1_Summer19UL/datasets_15.json', '/afs/cern.ch/user/j/jhossain/Hgg_AC_Analysis/Flashgg/Emanuele_Flashgg/CMSSW_10_6_29/src/flashgg/MetaData/data/Era2017_legacy_v1_Summer19UL/datasets_16.json', '/afs/cern.ch/user/j/jhossain/Hgg_AC_Analysis/Flashgg/Emanuele_Flashgg/CMSSW_10_6_29/src/flashgg/MetaData/data/Era2017_legacy_v1_Summer19UL/datasets_17.json', '/afs/cern.ch/user/j/jhossain/Hgg_AC_Analysis/Flashgg/Emanuele_Flashgg/CMSSW_10_6_29/src/flashgg/MetaData/data/Era2017_legacy_v1_Summer19UL/datasets_18.json', '/afs/cern.ch/user/j/jhossain/Hgg_AC_Analysis/Flashgg/Emanuele_Flashgg/CMSSW_10_6_29/src/flashgg/MetaData/data/Era2017_legacy_v1_Summer19UL/datasets_19.json', '/afs/cern.ch/user/j/jhossain/Hgg_AC_Analysis/Flashgg/Emanuele_Flashgg/CMSSW_10_6_29/src/flashgg/MetaData/data/Era2017_legacy_v1_Summer19UL/datasets_2.json', '/afs/cern.ch/user/j/jhossain/Hgg_AC_Analysis/Flashgg/Emanuele_Flashgg/CMSSW_10_6_29/src/flashgg/MetaData/data/Era2017_legacy_v1_Summer19UL/datasets_20.json', '/afs/cern.ch/user/j/jhossain/Hgg_AC_Analysis/Flashgg/Emanuele_Flashgg/CMSSW_10_6_29/src/flashgg/MetaData/data/Era2017_legacy_v1_Summer19UL/datasets_21.json', '/afs/cern.ch/user/j/jhossain/Hgg_AC_Analysis/Flashgg/Emanuele_Flashgg/CMSSW_10_6_29/src/flashgg/MetaData/data/Era2017_legacy_v1_Summer19UL/datasets_22.json', '/afs/cern.ch/user/j/jhossain/Hgg_AC_Analysis/Flashgg/Emanuele_Flashgg/CMSSW_10_6_29/src/flashgg/MetaData/data/Era2017_legacy_v1_Summer19UL/datasets_23.json', '/afs/cern.ch/user/j/jhossain/Hgg_AC_Analysis/Flashgg/Emanuele_Flashgg/CMSSW_10_6_29/src/flashgg/MetaData/data/Era2017_legacy_v1_Summer19UL/datasets_24.json', '/afs/cern.ch/user/j/jhossain/Hgg_AC_Analysis/Flashgg/Emanuele_Flashgg/CMSSW_10_6_29/src/flashgg/MetaData/data/Era2017_legacy_v1_Summer19UL/datasets_25.json', '/afs/cern.ch/user/j/jhossain/Hgg_AC_Analysis/Flashgg/Emanuele_Flashgg/CMSSW_10_6_29/src/flashgg/MetaData/data/Era2017_legacy_v1_Summer19UL/datasets_26.json', '/afs/cern.ch/user/j/jhossain/Hgg_AC_Analysis/Flashgg/Emanuele_Flashgg/CMSSW_10_6_29/src/flashgg/MetaData/data/Era2017_legacy_v1_Summer19UL/datasets_27.json', '/afs/cern.ch/user/j/jhossain/Hgg_AC_Analysis/Flashgg/Emanuele_Flashgg/CMSSW_10_6_29/src/flashgg/MetaData/data/Era2017_legacy_v1_Summer19UL/datasets_28.json', '/afs/cern.ch/user/j/jhossain/Hgg_AC_Analysis/Flashgg/Emanuele_Flashgg/CMSSW_10_6_29/src/flashgg/MetaData/data/Era2017_legacy_v1_Summer19UL/datasets_29.json', '/afs/cern.ch/user/j/jhossain/Hgg_AC_Analysis/Flashgg/Emanuele_Flashgg/CMSSW_10_6_29/src/flashgg/MetaData/data/Era2017_legacy_v1_Summer19UL/datasets_3.json', '/afs/cern.ch/user/j/jhossain/Hgg_AC_Analysis/Flashgg/Emanuele_Flashgg/CMSSW_10_6_29/src/flashgg/MetaData/data/Era2017_legacy_v1_Summer19UL/datasets_30.json', '/afs/cern.ch/user/j/jhossain/Hgg_AC_Analysis/Flashgg/Emanuele_Flashgg/CMSSW_10_6_29/src/flashgg/MetaData/data/Era2017_legacy_v1_Summer19UL/datasets_31.json', '/afs/cern.ch/user/j/jhossain/Hgg_AC_Analysis/Flashgg/Emanuele_Flashgg/CMSSW_10_6_29/src/flashgg/MetaData/data/Era2017_legacy_v1_Summer19UL/datasets_4.json', '/afs/cern.ch/user/j/jhossain/Hgg_AC_Analysis/Flashgg/Emanuele_Flashgg/CMSSW_10_6_29/src/flashgg/MetaData/data/Era2017_legacy_v1_Summer19UL/datasets_32.json', '/afs/cern.ch/user/j/jhossain/Hgg_AC_Analysis/Flashgg/Emanuele_Flashgg/CMSSW_10_6_29/src/flashgg/MetaData/data/Era2017_legacy_v1_Summer19UL/datasets_33.json', '/afs/cern.ch/user/j/jhossain/Hgg_AC_Analysis/Flashgg/Emanuele_Flashgg/CMSSW_10_6_29/src/flashgg/MetaData/data/Era2017_legacy_v1_Summer19UL/datasets_34.json', '/afs/cern.ch/user/j/jhossain/Hgg_AC_Analysis/Flashgg/Emanuele_Flashgg/CMSSW_10_6_29/src/flashgg/MetaData/data/Era2017_legacy_v1_Summer19UL/datasets_35.json', '/afs/cern.ch/user/j/jhossain/Hgg_AC_Analysis/Flashgg/Emanuele_Flashgg/CMSSW_10_6_29/src/flashgg/MetaData/data/Era2017_legacy_v1_Summer19UL/datasets_36.json', '/afs/cern.ch/user/j/jhossain/Hgg_AC_Analysis/Flashgg/Emanuele_Flashgg/CMSSW_10_6_29/src/flashgg/MetaData/data/Era2017_legacy_v1_Summer19UL/datasets_37.json', '/afs/cern.ch/user/j/jhossain/Hgg_AC_Analysis/Flashgg/Emanuele_Flashgg/CMSSW_10_6_29/src/flashgg/MetaData/data/Era2017_legacy_v1_Summer19UL/datasets_38.json', '/afs/cern.ch/user/j/jhossain/Hgg_AC_Analysis/Flashgg/Emanuele_Flashgg/CMSSW_10_6_29/src/flashgg/MetaData/data/Era2017_legacy_v1_Summer19UL/datasets_39.json', '/afs/cern.ch/user/j/jhossain/Hgg_AC_Analysis/Flashgg/Emanuele_Flashgg/CMSSW_10_6_29/src/flashgg/MetaData/data/Era2017_legacy_v1_Summer19UL/datasets_40.json', '/afs/cern.ch/user/j/jhossain/Hgg_AC_Analysis/Flashgg/Emanuele_Flashgg/CMSSW_10_6_29/src/flashgg/MetaData/data/Era2017_legacy_v1_Summer19UL/datasets_5.json', '/afs/cern.ch/user/j/jhossain/Hgg_AC_Analysis/Flashgg/Emanuele_Flashgg/CMSSW_10_6_29/src/flashgg/MetaData/data/Era2017_legacy_v1_Summer19UL/datasets_6.json', '/afs/cern.ch/user/j/jhossain/Hgg_AC_Analysis/Flashgg/Emanuele_Flashgg/CMSSW_10_6_29/src/flashgg/MetaData/data/Era2017_legacy_v1_Summer19UL/datasets_7.json', '/afs/cern.ch/user/j/jhossain/Hgg_AC_Analysis/Flashgg/Emanuele_Flashgg/CMSSW_10_6_29/src/flashgg/MetaData/data/Era2017_legacy_v1_Summer19UL/datasets_8.json', '/afs/cern.ch/user/j/jhossain/Hgg_AC_Analysis/Flashgg/Emanuele_Flashgg/CMSSW_10_6_29/src/flashgg/MetaData/data/Era2017_legacy_v1_Summer19UL/datasets_9.json']
/GluGluHToGG_M125_TuneCP5_13TeV-amcatnloFXFX-pythia8
Printing options
acceptance NONE
tthTagsOnly False
vbfTagsOnly True
here we print the tag sequence before
flashggPrefireDiPhotons+flashggPreselectedDiPhotons+flashggDiPhotonMVA+flashggVBFMVA+flashggVHhadMVA+flashggGluGluHMVA+flashggVBFDiPhoDiJetMVA+flashggUntagged+flashggVBFTag+flashggTTHDiLeptonTag+flashggTTHLeptonicTag+flashggTHQLeptonicTag+flashggTTHHadronicTag+flashggVHMetTag+flashggWHLeptonicTag+flashggZHLeptonicTag+flashggVHHadronicTag+flashggTagSorter
here we print the tag sequence after
flashggPrefireDiPhotons+flashggPreselectedDiPhotons+flashggDiPhotonMVA+flashggVBFMVA+flashggVHhadMVA+flashggGluGluHMVA+flashggVBFDiPhoDiJetMVA+flashggVBFTag+flashggTagSorter
customize.processId: ggh
Here we account for L1 pre-firing. We will only change the central diphoton weight if it is an appropriate sample (only MC, not data), and the applyToCentral flag is set to true
L1 pre-firing is relevant to ECAL (photons, jets)
Signal MC, so adding systematics and dZ
--- Systematics  with independent collections ---
['']
-------------------------------------------------
--- Variables to be dumped, including systematic weights ---
['CMS_hgg_mass[160,100,180]:=diPhoton().mass', 'dZ[40,-20.,20.]:=(tagTruth().genPV().z-diPhoton().vtx().z)', 'NNLOPSweight[1,-999999.,999999.] := tagTruth().weight("NNLOPSweight")', 'btagReshapeNorm_TTH_LEP[1,-999999.,999999.] := weight("btagReshapeNorm_TTH_LEP")', 'btagReshapeNorm_TTH_HAD[1,-999999.,999999.] := weight("btagReshapeNorm_TTH_HAD")', 'btagReshapeNorm_THQ_LEP[1,-999999.,999999.] := weight("btagReshapeNorm_THQ_LEP")', 'centralObjectWeight[1,-999999.,999999.] := centralWeight', 'dipho_sumpt            := diPhoton.sumPt', 'dipho_cosphi           := abs(cos(diPhoton.leadingPhoton.phi - diPhoton.subLeadingPhoton.phi))', 'dipho_mass             := diPhoton.mass', 'dipho_leadPt           := diPhoton.leadingPhoton.pt', 'dipho_leadEt           := diPhoton.leadingPhoton.et', 'dipho_leadEta          := diPhoton.leadingPhoton.eta', 'dipho_leadPhi          := diPhoton.leadingPhoton.phi', 'dipho_lead_sieie       := diPhoton.leadingPhoton.sigmaIetaIeta', 'dipho_lead_hoe         := diPhoton.leadingPhoton.hadronicOverEm', 'dipho_lead_sigmaEoE    := diPhoton.leadingPhoton.sigEOverE', 'dipho_lead_ptoM        := diPhoton.leadingPhoton.pt/diPhoton.mass', 'dipho_leadR9           := diPhoton.leadingPhoton.full5x5_r9', 'dipho_subleadPt        := diPhoton.subLeadingPhoton.pt', 'dipho_subleadEt        := diPhoton.subLeadingPhoton.et', 'dipho_subleadEta       := diPhoton.subLeadingPhoton.eta', 'dipho_subleadPhi       := diPhoton.subLeadingPhoton.phi', 'dipho_sublead_sieie    := diPhoton.subLeadingPhoton.sigmaIetaIeta', 'dipho_sublead_hoe      := diPhoton.subLeadingPhoton.hadronicOverEm', 'dipho_sublead_sigmaEoE := diPhoton.subLeadingPhoton.sigEOverE', 'dipho_sublead_ptoM     := diPhoton.subLeadingPhoton.pt/diPhoton.mass', 'dipho_subleadR9        := diPhoton.subLeadingPhoton.full5x5_r9', 'dipho_leadIDMVA        := diPhoton.leadingView.phoIdMvaWrtChosenVtx', 'dipho_subleadIDMVA     := diPhoton.subLeadingView.phoIdMvaWrtChosenVtx', 'dipho_lead_elveto      := diPhoton.leadingPhoton.passElectronVeto', 'dipho_sublead_elveto   := diPhoton.subLeadingPhoton.passElectronVeto', 'result                 := diPhotonMVA.result', 'dipho_PToM             := diPhoton.pt/diPhoton.mass', 'sigmarv                := diPhotonMVA.sigmarv', 'sigmarvDecorr          := diPhotonMVA.decorrSigmarv', 'sigmawv                := diPhotonMVA.sigmawv', 'CosPhi                 := diPhotonMVA.CosPhi', 'vtxprob                := diPhotonMVA.vtxprob', 'pt                     := diPhoton.pt', 'leadSCeta              := diPhoton.leadingPhoton.superCluster.eta', 'subleadSCeta           := diPhoton.subLeadingPhoton.superCluster.eta', 'dipho_lead_genmatch    := ?(diPhoton().leadingPhoton.hasGenMatchType)? diPhoton().leadingPhoton.genMatchType : -999', 'dipho_sublead_genmatch := ?(diPhoton().subLeadingPhoton.hasGenMatchType)? diPhoton().subLeadingPhoton.genMatchType : -999', 'dijet_abs_dEta         :=  abs(VBFMVA.dijet_leadEta - VBFMVA.dijet_subleadEta)', 'dijet_leadEta          :=  VBFMVA.dijet_leadEta    ', 'dijet_subleadEta       :=  VBFMVA.dijet_subleadEta ', 'dijet_leady            :=  VBFMVA.dijet_leady      ', 'dijet_subleady         :=  VBFMVA.dijet_subleady   ', 'dijet_leadPt           :=  VBFMVA.dijet_LeadJPt    ', 'dijet_subleadPt        :=  VBFMVA.dijet_SubJPt     ', 'dijet_Zep              :=  VBFMVA.dijet_Zep        ', 'dijet_Mjj              :=  VBFMVA.dijet_Mjj        ', 'dipho_PToM_vbfmva      :=  VBFMVA.dipho_PToM       ', 'leadPho_PToM           :=  VBFMVA.leadPho_PToM     ', 'sublPho_PToM           :=  VBFMVA.sublPho_PToM     ', 'dijet_dipho_dphi_trunc :=  VBFMVA.dijet_dphi_trunc ', 'dijet_dipho_pt         :=  VBFMVA.dijet_dipho_pt   ', 'dijet_dphi             :=  abs(deltaPhi(VBFMVA.leadJet.phi, VBFMVA.subleadJet.phi))', 'dijet_dipho_dphi       :=  VBFMVA.dijet_dipho_dphi ', 'dijet_dPhi_trunc       :=  VBFMVA.dijet_dphi_trunc ', 'cos_dijet_dipho_dphi   :=  cos(VBFMVA.dijet_dipho_dphi)', 'dijet_minDRJetPho      :=  VBFMVA.dijet_minDRJetPho', 'has3Jet                :=  hasValidVBFTriJet', 'dijet_mva              :=  VBFMVA.VBFMVAValue', 'dijet_mva_prob_VBF     :=  VBFMVA.vbfMvaResult_prob_VBF', 'dijet_mva_prob_ggH     :=  VBFMVA.vbfMvaResult_prob_ggH', 'dijet_mva_prob_bkg     :=  VBFMVA.vbfMvaResult_prob_bkg', 'dipho_dijet_MVA        :=  VBFDiPhoDiJetMVA.VBFDiPhoDiJetMVAValue()', 'dipho_mva              :=  diPhotonMVA.mvaValue()', 'vbf_dnnprob_bsm        :=  VBFMVA.dnnprob_bsm_value()', 'vbf_dnnprob_bkg        :=  VBFMVA.dnnprob_bkg_value()', 'vbf_mela_D0minus       :=  VBFMVA.mela_D0minus_value()', 'jet1_pt             := leadingJet.pt', 'jet2_pt             := subLeadingJet.pt', 'jet3_pt             := subSubLeadingJet.pt', 'jet4_pt             := fourthJet.pt', 'jet1_eta            := leadingJet.eta', 'jet2_eta            := subLeadingJet.eta', 'jet3_eta            := subSubLeadingJet.eta', 'jet4_eta            := fourthJet.eta', 'Mjj := sqrt((leadingJet.energy+subLeadingJet.energy)^2-(leadingJet.px+subLeadingJet.px)^2-(leadingJet.py+subLeadingJet.py)^2-(leadingJet.pz+subLeadingJet.pz)^2)', 'jet1_rawPt          := leading_rawPt', 'jet2_rawPt          := subLeading_rawPt', 'jet1_HFHadronEnergyFraction := leading_HFHadronEnergyFraction', 'jet1_HFEMEnergyFraction := leading_HFEMEnergyFraction', 'jet1_HFHadronEnergy := leading_HFHadronEnergy', 'jet1_HFEMEnergy := leading_HFEMEnergy', 'jet1_HFHadronMultiplicity := leading_HFHadronMultiplicity', 'jet1_HFEMMultiplicity := leading_HFEMMultiplicity', 'jet2_HFHadronEnergyFraction := subleading_HFHadronEnergyFraction', 'jet2_HFEMEnergyFraction := subleading_HFEMEnergyFraction', 'jet2_HFHadronEnergy := subleading_HFHadronEnergy', 'jet2_HFEMEnergy := subleading_HFEMEnergy', 'jet2_HFHadronMultiplicity := subleading_HFHadronMultiplicity', 'jet2_HFEMMultiplicity := subleading_HFEMMultiplicity', 'dijet_nj := VBFMVA.n_rec_jets', 'dipho_dijet_ptHjj := ptHjj', 'jet1_qgtag := leading_QGL()', 'jet2_qgtag := subLeading_QGL()', 'jet3_qgtag := subSubLeading_QGL()', 'jet4_qgtag := fourth_QGL()', 'jet1_btag := leading_BTag()', 'jet2_btag := subLeading_BTag()', 'jet3_btag := subSubLeading_BTag()', 'jet4_btag := fourth_BTag()', 'n_rec_jets               := GluGluHMVA.n_rec_jets', 'dijet_leadPhi            := GluGluHMVA.dijet_leadPhi', 'dijet_subleadPhi         := GluGluHMVA.dijet_subleadPhi', 'dijet_leadPUMVA          := GluGluHMVA.dijet_leadPUMVA', 'dijet_subleadPUMVA       := GluGluHMVA.dijet_subleadPUMVA', 'vbfMvaResult_prob_bkg := VBFMVA.vbfMvaResult_prob_bkg()', 'vbfMvaResult_prob_ggH := VBFMVA.vbfMvaResult_prob_ggH()', 'vbfMvaResult_prob_VBF := VBFMVA.vbfMvaResult_prob_VBF()', 'vbfDNN_pbkg := VBFMVA.vbfDnnResult_prob_bkg()', 'vbfDNN_psm  := VBFMVA.vbfDnnResult_prob_sm()', 'vbfDNN_pbsm := VBFMVA.vbfDnnResult_prob_bsm()', 'D0minus     := VBFMVA.D0minus()']
------------------------------------------------------------
============================>>>>>>>>>>>> datasetname =>>>>>>>>>>>>>>>>>>>>>>>>  /GluGluHToGG_M125_TuneCP5_13TeV-amcatnloFXFX-pythia8/alesauva-UL2017-10_6_4-v0-RunIISummer19UL17MiniAOD-106X_mc2017_realistic_v6-v2-f92679b6f67e90fd93c35b41b89480a0/USER
SYSTLABEL =     ; variables to dump =  ['CMS_hgg_mass[160,100,180]:=diPhoton().mass', 'dZ[40,-20.,20.]:=(tagTruth().genPV().z-diPhoton().vtx().z)', 'NNLOPSweight[1,-999999.,999999.] := tagTruth().weight("NNLOPSweight")', 'btagReshapeNorm_TTH_LEP[1,-999999.,999999.] := weight("btagReshapeNorm_TTH_LEP")', 'btagReshapeNorm_TTH_HAD[1,-999999.,999999.] := weight("btagReshapeNorm_TTH_HAD")', 'btagReshapeNorm_THQ_LEP[1,-999999.,999999.] := weight("btagReshapeNorm_THQ_LEP")', 'centralObjectWeight[1,-999999.,999999.] := centralWeight', 'dipho_sumpt            := diPhoton.sumPt', 'dipho_cosphi           := abs(cos(diPhoton.leadingPhoton.phi - diPhoton.subLeadingPhoton.phi))', 'dipho_mass             := diPhoton.mass', 'dipho_leadPt           := diPhoton.leadingPhoton.pt', 'dipho_leadEt           := diPhoton.leadingPhoton.et', 'dipho_leadEta          := diPhoton.leadingPhoton.eta', 'dipho_leadPhi          := diPhoton.leadingPhoton.phi', 'dipho_lead_sieie       := diPhoton.leadingPhoton.sigmaIetaIeta', 'dipho_lead_hoe         := diPhoton.leadingPhoton.hadronicOverEm', 'dipho_lead_sigmaEoE    := diPhoton.leadingPhoton.sigEOverE', 'dipho_lead_ptoM        := diPhoton.leadingPhoton.pt/diPhoton.mass', 'dipho_leadR9           := diPhoton.leadingPhoton.full5x5_r9', 'dipho_subleadPt        := diPhoton.subLeadingPhoton.pt', 'dipho_subleadEt        := diPhoton.subLeadingPhoton.et', 'dipho_subleadEta       := diPhoton.subLeadingPhoton.eta', 'dipho_subleadPhi       := diPhoton.subLeadingPhoton.phi', 'dipho_sublead_sieie    := diPhoton.subLeadingPhoton.sigmaIetaIeta', 'dipho_sublead_hoe      := diPhoton.subLeadingPhoton.hadronicOverEm', 'dipho_sublead_sigmaEoE := diPhoton.subLeadingPhoton.sigEOverE', 'dipho_sublead_ptoM     := diPhoton.subLeadingPhoton.pt/diPhoton.mass', 'dipho_subleadR9        := diPhoton.subLeadingPhoton.full5x5_r9', 'dipho_leadIDMVA        := diPhoton.leadingView.phoIdMvaWrtChosenVtx', 'dipho_subleadIDMVA     := diPhoton.subLeadingView.phoIdMvaWrtChosenVtx', 'dipho_lead_elveto      := diPhoton.leadingPhoton.passElectronVeto', 'dipho_sublead_elveto   := diPhoton.subLeadingPhoton.passElectronVeto', 'result                 := diPhotonMVA.result', 'dipho_PToM             := diPhoton.pt/diPhoton.mass', 'sigmarv                := diPhotonMVA.sigmarv', 'sigmarvDecorr          := diPhotonMVA.decorrSigmarv', 'sigmawv                := diPhotonMVA.sigmawv', 'CosPhi                 := diPhotonMVA.CosPhi', 'vtxprob                := diPhotonMVA.vtxprob', 'pt                     := diPhoton.pt', 'leadSCeta              := diPhoton.leadingPhoton.superCluster.eta', 'subleadSCeta           := diPhoton.subLeadingPhoton.superCluster.eta', 'dipho_lead_genmatch    := ?(diPhoton().leadingPhoton.hasGenMatchType)? diPhoton().leadingPhoton.genMatchType : -999', 'dipho_sublead_genmatch := ?(diPhoton().subLeadingPhoton.hasGenMatchType)? diPhoton().subLeadingPhoton.genMatchType : -999', 'dijet_abs_dEta         :=  abs(VBFMVA.dijet_leadEta - VBFMVA.dijet_subleadEta)', 'dijet_leadEta          :=  VBFMVA.dijet_leadEta    ', 'dijet_subleadEta       :=  VBFMVA.dijet_subleadEta ', 'dijet_leady            :=  VBFMVA.dijet_leady      ', 'dijet_subleady         :=  VBFMVA.dijet_subleady   ', 'dijet_leadPt           :=  VBFMVA.dijet_LeadJPt    ', 'dijet_subleadPt        :=  VBFMVA.dijet_SubJPt     ', 'dijet_Zep              :=  VBFMVA.dijet_Zep        ', 'dijet_Mjj              :=  VBFMVA.dijet_Mjj        ', 'dipho_PToM_vbfmva      :=  VBFMVA.dipho_PToM       ', 'leadPho_PToM           :=  VBFMVA.leadPho_PToM     ', 'sublPho_PToM           :=  VBFMVA.sublPho_PToM     ', 'dijet_dipho_dphi_trunc :=  VBFMVA.dijet_dphi_trunc ', 'dijet_dipho_pt         :=  VBFMVA.dijet_dipho_pt   ', 'dijet_dphi             :=  abs(deltaPhi(VBFMVA.leadJet.phi, VBFMVA.subleadJet.phi))', 'dijet_dipho_dphi       :=  VBFMVA.dijet_dipho_dphi ', 'dijet_dPhi_trunc       :=  VBFMVA.dijet_dphi_trunc ', 'cos_dijet_dipho_dphi   :=  cos(VBFMVA.dijet_dipho_dphi)', 'dijet_minDRJetPho      :=  VBFMVA.dijet_minDRJetPho', 'has3Jet                :=  hasValidVBFTriJet', 'dijet_mva              :=  VBFMVA.VBFMVAValue', 'dijet_mva_prob_VBF     :=  VBFMVA.vbfMvaResult_prob_VBF', 'dijet_mva_prob_ggH     :=  VBFMVA.vbfMvaResult_prob_ggH', 'dijet_mva_prob_bkg     :=  VBFMVA.vbfMvaResult_prob_bkg', 'dipho_dijet_MVA        :=  VBFDiPhoDiJetMVA.VBFDiPhoDiJetMVAValue()', 'dipho_mva              :=  diPhotonMVA.mvaValue()', 'vbf_dnnprob_bsm        :=  VBFMVA.dnnprob_bsm_value()', 'vbf_dnnprob_bkg        :=  VBFMVA.dnnprob_bkg_value()', 'vbf_mela_D0minus       :=  VBFMVA.mela_D0minus_value()', 'jet1_pt             := leadingJet.pt', 'jet2_pt             := subLeadingJet.pt', 'jet3_pt             := subSubLeadingJet.pt', 'jet4_pt             := fourthJet.pt', 'jet1_eta            := leadingJet.eta', 'jet2_eta            := subLeadingJet.eta', 'jet3_eta            := subSubLeadingJet.eta', 'jet4_eta            := fourthJet.eta', 'Mjj := sqrt((leadingJet.energy+subLeadingJet.energy)^2-(leadingJet.px+subLeadingJet.px)^2-(leadingJet.py+subLeadingJet.py)^2-(leadingJet.pz+subLeadingJet.pz)^2)', 'jet1_rawPt          := leading_rawPt', 'jet2_rawPt          := subLeading_rawPt', 'jet1_HFHadronEnergyFraction := leading_HFHadronEnergyFraction', 'jet1_HFEMEnergyFraction := leading_HFEMEnergyFraction', 'jet1_HFHadronEnergy := leading_HFHadronEnergy', 'jet1_HFEMEnergy := leading_HFEMEnergy', 'jet1_HFHadronMultiplicity := leading_HFHadronMultiplicity', 'jet1_HFEMMultiplicity := leading_HFEMMultiplicity', 'jet2_HFHadronEnergyFraction := subleading_HFHadronEnergyFraction', 'jet2_HFEMEnergyFraction := subleading_HFEMEnergyFraction', 'jet2_HFHadronEnergy := subleading_HFHadronEnergy', 'jet2_HFEMEnergy := subleading_HFEMEnergy', 'jet2_HFHadronMultiplicity := subleading_HFHadronMultiplicity', 'jet2_HFEMMultiplicity := subleading_HFEMMultiplicity', 'dijet_nj := VBFMVA.n_rec_jets', 'dipho_dijet_ptHjj := ptHjj', 'jet1_qgtag := leading_QGL()', 'jet2_qgtag := subLeading_QGL()', 'jet3_qgtag := subSubLeading_QGL()', 'jet4_qgtag := fourth_QGL()', 'jet1_btag := leading_BTag()', 'jet2_btag := subLeading_BTag()', 'jet3_btag := subSubLeading_BTag()', 'jet4_btag := fourth_BTag()', 'n_rec_jets               := GluGluHMVA.n_rec_jets', 'dijet_leadPhi            := GluGluHMVA.dijet_leadPhi', 'dijet_subleadPhi         := GluGluHMVA.dijet_subleadPhi', 'dijet_leadPUMVA          := GluGluHMVA.dijet_leadPUMVA', 'dijet_subleadPUMVA       := GluGluHMVA.dijet_subleadPUMVA', 'vbfMvaResult_prob_bkg := VBFMVA.vbfMvaResult_prob_bkg()', 'vbfMvaResult_prob_ggH := VBFMVA.vbfMvaResult_prob_ggH()', 'vbfMvaResult_prob_VBF := VBFMVA.vbfMvaResult_prob_VBF()', 'vbfDNN_pbkg := VBFMVA.vbfDnnResult_prob_bkg()', 'vbfDNN_psm  := VBFMVA.vbfDnnResult_prob_sm()', 'vbfDNN_pbsm := VBFMVA.vbfDnnResult_prob_bsm()', 'D0minus     := VBFMVA.D0minus()']
DUMP PDFs =  False
Only events with [] paths will be processed.
--- Dumping modules that take diphotons as input: ---
flashggVBFMVA cms.InputTag("flashggPreselectedDiPhotons")
flashggGluGluHMVA cms.InputTag("flashggPreselectedDiPhotons")
flashggVBFTag cms.InputTag("flashggPreselectedDiPhotons")
flashggDiPhotonMVA cms.InputTag("flashggPreselectedDiPhotons")
flashggPreselectedDiPhotons cms.InputTag("flashggPrefireDiPhotons")
flashggVHhadMVA cms.InputTag("flashggPreselectedDiPhotons")
flashggPrefireDiPhotons cms.InputTag("flashggDiPhotonSystematics")
flashggVBFDiPhoDiJetMVA cms.InputTag("flashggPreselectedDiPhotons")
flashggTagSorter cms.InputTag("flashggPreselectedDiPhotons")

-------------- DUMPING SYSTEMATIC OVERVIEW --------------
          Systematic  Central value?   Systematic shifts?
---------------------------------------------------------
      MCScaleLowR9EE              NO                -1 1 
     MCScaleHighR9EE              NO                -1 1 
      MCScaleLowR9EB              NO                -1 1 
     MCScaleHighR9EB              NO                -1 1 
      MCScaleGain6EB              NO                -1 1 
      MCScaleGain1EB              NO                -1 1 
MaterialCentralBarrel              NO                -1 1 
 MaterialOuterBarrel              NO                -1 1 
     MaterialForward              NO                -1 1 
 ShowerShapeHighR9EB              NO                -1 1 
 ShowerShapeHighR9EE              NO                -1 1 
  ShowerShapeLowR9EB              NO                -1 1 
  ShowerShapeLowR9EE              NO                -1 1 
              FNUFEB              NO                -1 1 
              FNUFEE              NO                -1 1 
            MvaShift              NO                -1 1 
            PreselSF             YES                -1 1 
      electronVetoSF             YES                -1 1 
       TriggerWeight             YES                -1 1 
          LooseMvaSF             YES                -1 1 
        FracRVWeight             YES                -1 1 
 SigmaEOverESmearing             YES                   NO
    SigmaEOverEShift              NO                -1 1 
---------------------------------------------------------
  MuonMediumIDWeight             YES                -1 1 
MuonLooseRelISOWeight             YES                -1 1 
---------------------------------------------------------
    ElectronIDWeight             YES                -1 1 
  ElectronRecoWeight             YES                -1 1 
---------------------------------------------------------
                 JEC             YES                -1 1 
                 JER             YES                -1 1 
    JetBTagCutWeight             YES                -1 1 
JetBTagReshapeWeight             YES                -1 1 
          PUJIDShift              NO                -1 1 
   UnmatchedPUWeight              NO                -1 1 
---------------------------------------------------------
------------- DUMPING 2D SYSTEMATIC OVERVIEW ------------
          Systematic  Central value?   Systematic shifts?
---------------------------------------------------------
     MCSmearHighR9EE             YES       1st: 1 -1 0 0 
                                           2nd: 0 0 1 -1 
      MCSmearLowR9EE             YES       1st: 1 -1 0 0 
                                           2nd: 0 0 1 -1 
     MCSmearHighR9EB             YES       1st: 1 -1 0 0 
                                           2nd: 0 0 1 -1 
      MCSmearLowR9EB             YES       1st: 1 -1 0 0 
                                           2nd: 0 0 1 -1 
---------------------------------------------------------
