


ls /afs/cern.ch/user/j/jhossain/proxy/x509up.px
/afs/cern.ch/user/j/jhossain/proxy/x509up.px
Printing defaults
acceptance NONE
tthTagsOnly False
vbfTagsOnly False
